2026-01-12 10:10:46 [warn]: Twilio not configured - SMS features disabled
2026-01-12 10:46:35 [warn]: Twilio not configured - SMS features disabled
2026-01-12 10:47:34 [warn]: Twilio not configured - SMS features disabled
2026-01-12 10:52:24 [warn]: Twilio not configured - SMS features disabled
2026-01-12 10:58:43 [warn]: Twilio not configured - SMS features disabled
2026-01-12 10:59:45 [warn]: Twilio not configured - SMS features disabled
2026-01-12 11:00:38 [warn]: Twilio not configured - SMS features disabled
2026-01-12 11:02:00 [warn]: Twilio not configured - SMS features disabled
2026-01-12 12:08:57 [warn]: Twilio not configured - SMS features disabled
2026-01-12 12:10:17 [warn]: Twilio not configured - SMS features disabled
2026-01-12 12:12:42 [warn]: Twilio not configured - SMS features disabled
2026-01-12 12:19:37 [warn]: Twilio not configured - SMS features disabled
2026-01-12 12:20:09 [warn]: Twilio not configured - SMS features disabled
2026-01-12 12:33:59 [warn]: Twilio not configured - SMS features disabled
2026-01-12 13:08:34 [warn]: Twilio not configured - SMS features disabled
2026-01-22 19:36:10 [warn]: Twilio not configured - SMS features disabled
2026-01-24 21:23:55 [info]: Shared Twilio client initialized
2026-01-24 21:23:57 [info]: 🎙️  Media Stream WebSocket server initialized
2026-01-24 21:59:19 [info]: Shared Twilio client initialized
2026-01-24 21:59:21 [info]: 🎙️  Media Stream WebSocket server initialized
2026-01-24 22:05:09 [info]: Shared Twilio client initialized
2026-01-24 22:05:11 [info]: 🎙️  Media Stream WebSocket server initialized
2026-01-24 22:08:36 [info]: Shared Twilio client initialized
2026-01-24 22:08:40 [info]: 🎙️  Media Stream WebSocket server initialized
2026-01-24 22:09:01 [error]: User creation failed: Could not find the 'business_name' column of 'users' in the schema cache
2026-01-24 22:11:12 [info]: Shared Twilio client initialized
2026-01-24 22:11:13 [info]: 🎙️  Media Stream WebSocket server initialized
2026-01-24 22:13:58 [error]: User creation failed: Could not find the 'subdomain' column of 'users' in the schema cache
2026-01-24 22:14:19 [error]: User creation failed: Could not find the 'subdomain' column of 'users' in the schema cache
2026-01-24 22:16:16 [info]: Shared Twilio client initialized
2026-01-24 22:16:18 [info]: 🎙️  Media Stream WebSocket server initialized
2026-01-24 22:19:15 [error]: User creation failed: null value in column "business_id" of relation "users" violates not-null constraint
2026-01-24 22:22:42 [info]: Shared Twilio client initialized
2026-01-24 22:22:44 [info]: 🎙️  Media Stream WebSocket server initialized
2026-01-24 22:23:13 [error]: Business creation failed: Could not find the 'status' column of 'businesses' in the schema cache
2026-01-24 22:28:42 [info]: Shared Twilio client initialized
2026-01-24 22:28:44 [info]: 🎙️  Media Stream WebSocket server initialized
2026-02-08 14:47:27 [info]: Shared Twilio client initialized
2026-02-08 14:47:29 [info]: 🎙️  Ghost AI Media Stream WebSocket server initialized
